// Jest Snapshot v1, https://goo.gl/fbAQLP

exports[`MyButton <MyButton>のスナップショットテスト 1`] = `
<button
  onClick={[Function]}
>
  MyButtonTxt
</button>
`;
